==========================================
A2C Actor-Critic Optimizer: hydrodamin-2
Host: szary
GPU:  NVIDIA RTX 5000 Ada Generation
Started: Sun Mar  8 01:38:41 PM CET 2026
==========================================

======================================================================
  SEED: 'hydrodamin-2'  →  'RMARNLVRYVQGLKKKKVI'
======================================================================
Loading models …
Encoding start peptide: 'RMARNLVRYVQGLKKKKVI'
Start score (mean log2 MIC over E.coli): 6.9616
Ep   1/100  reward=+3.6097 log2  ep_best=3.3519 log2 ('RLGRKLVRFVKGLKKWKRW')  global_best=3.3519 log2  τ=2.00  β=0.100
Ep   2/100  reward=+3.9835 log2  ep_best=2.9781 log2 ('RLARKLVRFVKGLWKWKRW')  global_best=2.9781 log2  τ=1.98  β=0.099
Ep   3/100  reward=+4.1465 log2  ep_best=2.8152 log2 ('RLGRKLVRFVKGLKKWWRF')  global_best=2.8152 log2  τ=1.96  β=0.098
Ep   4/100  reward=+3.6097 log2  ep_best=3.3519 log2 ('RLGRKLVRFVKGLKKWKRW')  global_best=2.8152 log2  τ=1.95  β=0.097
Ep   5/100  reward=+3.6263 log2  ep_best=3.3354 log2 ('RLARKLVRFVQGLKWKKVW')  global_best=2.8152 log2  τ=1.93  β=0.096
Ep   6/100  reward=+3.4024 log2  ep_best=3.5593 log2 ('RLGRKLVRRVQGLWRKRFW')  global_best=2.8152 log2  τ=1.91  β=0.095
Ep   7/100  reward=+3.5930 log2  ep_best=3.3687 log2 ('RLARKLVRFVKGLKKWWWR')  global_best=2.8152 log2  τ=1.89  β=0.095
Ep   8/100  reward=+4.0192 log2  ep_best=2.9424 log2 ('RLGRKLVRFVKGLKKWWRW')  global_best=2.8152 log2  τ=1.87  β=0.094
Ep   9/100  reward=+1.9851 log2  ep_best=4.9766 log2 ('RGGRKNVRFVKGLKKWKYW')  global_best=2.8152 log2  τ=1.85  β=0.093
Ep  10/100  reward=+3.0296 log2  ep_best=3.9321 log2 ('RGARKLVRFVKGLWKWKRR')  global_best=2.8152 log2  τ=1.84  β=0.092
Ep  11/100  reward=+2.1701 log2  ep_best=4.7916 log2 ('RVARKLVRFVKGAKKWWRK')  global_best=2.8152 log2  τ=1.82  β=0.091
Ep  12/100  reward=+2.9785 log2  ep_best=3.9832 log2 ('RVARKLVRFVKGLKKRWWW')  global_best=2.8152 log2  τ=1.80  β=0.090
Ep  13/100  reward=+1.3871 log2  ep_best=5.5746 log2 ('RMARKLVRYVKGLKKRKYI')  global_best=2.8152 log2  τ=1.78  β=0.089
Ep  14/100  reward=+2.8127 log2  ep_best=4.1490 log2 ('RGGRKLVRFVKGLKKWKRW')  global_best=2.8152 log2  τ=1.76  β=0.088
Ep  15/100  reward=+2.5125 log2  ep_best=4.4491 log2 ('RLGRKNVRFVKGLKKWKRW')  global_best=2.8152 log2  τ=1.75  β=0.087
Ep  16/100  reward=+2.7952 log2  ep_best=4.1665 log2 ('RLGRKLVRRVQGLRRKWVW')  global_best=2.8152 log2  τ=1.73  β=0.086
Ep  17/100  reward=+3.1986 log2  ep_best=3.7630 log2 ('RVGRKNVRYVKGLWKRWRW')  global_best=2.8152 log2  τ=1.71  β=0.085
Ep  18/100  reward=+3.3785 log2  ep_best=3.5831 log2 ('RLGRKLVRFVQGLKKWWRI')  global_best=2.8152 log2  τ=1.69  β=0.085
Ep  19/100  reward=+1.8529 log2  ep_best=5.1088 log2 ('RSGRKLVRFIKGLKKKKFK')  global_best=2.8152 log2  τ=1.67  β=0.084
Ep  20/100  reward=+3.2631 log2  ep_best=3.6986 log2 ('RGARKLVRFVKGLKKWKYI')  global_best=2.8152 log2  τ=1.65  β=0.083
Ep  21/100  reward=+3.1546 log2  ep_best=3.8070 log2 ('RVARKLVRFGKGLWKRWRW')  global_best=2.8152 log2  τ=1.64  β=0.082
Ep  22/100  reward=+2.9644 log2  ep_best=3.9973 log2 ('RLARKLVRFGKGLKKWKRW')  global_best=2.8152 log2  τ=1.62  β=0.081
Ep  23/100  reward=+3.6097 log2  ep_best=3.3519 log2 ('RLGRKLVRFVKGLKKWKRW')  global_best=2.8152 log2  τ=1.60  β=0.080
Ep  24/100  reward=+3.3141 log2  ep_best=3.6475 log2 ('RGARKLVRYVKGLKKWKRI')  global_best=2.8152 log2  τ=1.58  β=0.079
Ep  25/100  reward=+4.0946 log2  ep_best=2.8671 log2 ('RLGRKLVRFVKGLKKWWWW')  global_best=2.8152 log2  τ=1.56  β=0.078
Ep  26/100  reward=+2.9644 log2  ep_best=3.9973 log2 ('RLARKLVRFGKGLKKWKRW')  global_best=2.8152 log2  τ=1.55  β=0.077
Ep  27/100  reward=+3.7204 log2  ep_best=3.2413 log2 ('RLGRKLVRFVKGLYKKKWW')  global_best=2.8152 log2  τ=1.53  β=0.076
Ep  28/100  reward=+2.3091 log2  ep_best=4.6526 log2 ('RVARKLCRYVKGLRKKWWW')  global_best=2.8152 log2  τ=1.51  β=0.075
Ep  29/100  reward=+3.1821 log2  ep_best=3.7795 log2 ('RVGRKLVRFLKGLKKWKKK')  global_best=2.8152 log2  τ=1.49  β=0.075
Ep  30/100  reward=+3.8240 log2  ep_best=3.1376 log2 ('RVGRKLVRFVKGLWKWKRF')  global_best=2.8152 log2  τ=1.47  β=0.074
Ep  31/100  reward=+3.0699 log2  ep_best=3.8917 log2 ('RVGRKLVRYVQGLKWRKVW')  global_best=2.8152 log2  τ=1.45  β=0.073
Ep  32/100  reward=+1.1757 log2  ep_best=5.7860 log2 ('RVGRKNVRFVKGLKKRWRK')  global_best=2.8152 log2  τ=1.44  β=0.072
Ep  33/100  reward=+1.3871 log2  ep_best=5.5746 log2 ('RMARKLVRYVKGLKKRKYI')  global_best=2.8152 log2  τ=1.42  β=0.071
Ep  34/100  reward=+3.7750 log2  ep_best=3.1867 log2 ('RSARKLVRFVKGLKKWKFK')  global_best=2.8152 log2  τ=1.40  β=0.070
Ep  35/100  reward=+2.8481 log2  ep_best=4.1135 log2 ('RVARKLVRFVKGLKKWKRI')  global_best=2.8152 log2  τ=1.38  β=0.069
Ep  36/100  reward=+2.5125 log2  ep_best=4.4491 log2 ('RLGRKNVRFVKGLKKWKRW')  global_best=2.8152 log2  τ=1.36  β=0.068
Ep  37/100  reward=+1.8934 log2  ep_best=5.0683 log2 ('RVGRKNVRFVKGLKKWWRR')  global_best=2.8152 log2  τ=1.35  β=0.067
Ep  38/100  reward=+3.6097 log2  ep_best=3.3519 log2 ('RLGRKLVRFVKGLKKWKRW')  global_best=2.8152 log2  τ=1.33  β=0.066
Ep  39/100  reward=+4.1021 log2  ep_best=2.8595 log2 ('RLGRKLVRFVKGLWKWKRW')  global_best=2.8152 log2  τ=1.31  β=0.065
Ep  40/100  reward=+2.6990 log2  ep_best=4.2626 log2 ('RVGRKNVRFVKGLKKWWRW')  global_best=2.8152 log2  τ=1.29  β=0.065
Ep  41/100  reward=+2.1199 log2  ep_best=4.8418 log2 ('RVARKLVRFGKGLKKWKRK')  global_best=2.8152 log2  τ=1.27  β=0.064
Ep  42/100  reward=+3.5379 log2  ep_best=3.4237 log2 ('RLGRKLVRFVKGLKKWKRI')  global_best=2.8152 log2  τ=1.25  β=0.063
Ep  43/100  reward=+2.5545 log2  ep_best=4.4071 log2 ('RVARKLVRFVKGLKKWKRK')  global_best=2.8152 log2  τ=1.24  β=0.062
Ep  44/100  reward=+3.0838 log2  ep_best=3.8778 log2 ('RVGRKLVRFGKGLWKRWRW')  global_best=2.8152 log2  τ=1.22  β=0.061
Ep  45/100  reward=+3.6086 log2  ep_best=3.3530 log2 ('RLARKLVRYVKGLRKWKRW')  global_best=2.8152 log2  τ=1.20  β=0.060
Ep  46/100  reward=+3.6505 log2  ep_best=3.3111 log2 ('RVARKLVRFVKGLKKWWWW')  global_best=2.8152 log2  τ=1.18  β=0.059
Ep  47/100  reward=+3.4143 log2  ep_best=3.5474 log2 ('RLARKLVRFVKGLKKWKRW')  global_best=2.8152 log2  τ=1.16  β=0.058
Ep  48/100  reward=+3.6505 log2  ep_best=3.3111 log2 ('RVARKLVRFVKGLKKWWWW')  global_best=2.8152 log2  τ=1.15  β=0.057
Ep  49/100  reward=+3.7363 log2  ep_best=3.2254 log2 ('RVGRKLVRFVKGLWKWWRF')  global_best=2.8152 log2  τ=1.13  β=0.056
Ep  50/100  reward=+3.1101 log2  ep_best=3.8516 log2 ('RVARKLVRYVQGLKWKKVW')  global_best=2.8152 log2  τ=1.11  β=0.055
Ep  51/100  reward=+3.3785 log2  ep_best=3.5831 log2 ('RLGRKLVRFVQGLKKWWRI')  global_best=2.8152 log2  τ=1.09  β=0.055
Ep  52/100  reward=+2.5214 log2  ep_best=4.4402 log2 ('RVGRKLVRFVKGLKKRWRW')  global_best=2.8152 log2  τ=1.07  β=0.054
Ep  53/100  reward=+3.4572 log2  ep_best=3.5044 log2 ('RLARKLVRFIKGLKKKKWW')  global_best=2.8152 log2  τ=1.05  β=0.053
Ep  54/100  reward=+2.3265 log2  ep_best=4.6352 log2 ('RVGRKLVRFGKGLKKWKRW')  global_best=2.8152 log2  τ=1.04  β=0.052
Ep  55/100  reward=+3.3846 log2  ep_best=3.5771 log2 ('RAGRKLVRFLKGLKKWKKI')  global_best=2.8152 log2  τ=1.02  β=0.051
Ep  56/100  reward=+2.0675 log2  ep_best=4.8942 log2 ('RAARNLVRFVKGLWWRKRR')  global_best=2.8152 log2  τ=1.00  β=0.050
Ep  57/100  reward=+3.1994 log2  ep_best=3.7623 log2 ('RLARKLVRFGKGLKKWKWW')  global_best=2.8152 log2  τ=0.98  β=0.049
Ep  58/100  reward=+3.4143 log2  ep_best=3.5474 log2 ('RLARKLVRFVKGLKKWKRW')  global_best=2.8152 log2  τ=0.96  β=0.048
Ep  59/100  reward=+3.6097 log2  ep_best=3.3519 log2 ('RLGRKLVRFVKGLKKWKRW')  global_best=2.8152 log2  τ=0.95  β=0.047
Ep  60/100  reward=+3.2182 log2  ep_best=3.7435 log2 ('RVGRKNVRYVKGLWWRWRW')  global_best=2.8152 log2  τ=0.93  β=0.046
Ep  61/100  reward=+1.7081 log2  ep_best=5.2536 log2 ('RAARNLVRFVQGLKWKKVW')  global_best=2.8152 log2  τ=0.91  β=0.045
Ep  62/100  reward=+3.4495 log2  ep_best=3.5121 log2 ('RVGRKNVRYVKGLWKWWRW')  global_best=2.8152 log2  τ=0.89  β=0.045
Ep  63/100  reward=+1.8394 log2  ep_best=5.1223 log2 ('RLGRKNVRFVQGLKKWKRW')  global_best=2.8152 log2  τ=0.87  β=0.044
Ep  64/100  reward=+3.3503 log2  ep_best=3.6114 log2 ('RLARKLVRFVKGLKKKKWW')  global_best=2.8152 log2  τ=0.85  β=0.043
Ep  65/100  reward=+2.5360 log2  ep_best=4.4257 log2 ('RGGRKLVRFIQGLRWKRVW')  global_best=2.8152 log2  τ=0.84  β=0.042
Ep  66/100  reward=+3.6097 log2  ep_best=3.3519 log2 ('RLGRKLVRFVKGLKKWKRW')  global_best=2.8152 log2  τ=0.82  β=0.041
Ep  67/100  reward=+3.6263 log2  ep_best=3.3354 log2 ('RLARKLVRFVQGLKWKKVW')  global_best=2.8152 log2  τ=0.80  β=0.040
Ep  68/100  reward=+3.8050 log2  ep_best=3.1567 log2 ('RLGRKLVRFVKGLKWWKYR')  global_best=2.8152 log2  τ=0.78  β=0.039
Ep  69/100  reward=+2.1818 log2  ep_best=4.7799 log2 ('RVSRKNVRYVNGLWKRWRR')  global_best=2.8152 log2  τ=0.76  β=0.038
Ep  70/100  reward=+2.5671 log2  ep_best=4.3945 log2 ('RVGRKNVRRVWGLRRWWCW')  global_best=2.8152 log2  τ=0.75  β=0.037
Ep  71/100  reward=+3.6097 log2  ep_best=3.3519 log2 ('RLGRKLVRFVKGLKKWKRW')  global_best=2.8152 log2  τ=0.73  β=0.036
Ep  72/100  reward=+2.3240 log2  ep_best=4.6376 log2 ('RLARNLVRFVKGAWKRKRW')  global_best=2.8152 log2  τ=0.71  β=0.035
Ep  73/100  reward=+2.9297 log2  ep_best=4.0320 log2 ('RVGRKNVRYVKGLKKWWRW')  global_best=2.8152 log2  τ=0.69  β=0.035
Ep  74/100  reward=+3.2191 log2  ep_best=3.7426 log2 ('RLGRKLVRFVQGLKKWKRW')  global_best=2.8152 log2  τ=0.67  β=0.034
Ep  75/100  reward=+3.4655 log2  ep_best=3.4962 log2 ('RVARNLVRFVKGLWKWKRW')  global_best=2.8152 log2  τ=0.65  β=0.033
Ep  76/100  reward=+3.1176 log2  ep_best=3.8441 log2 ('RVARKLVRFVKGLWWRKRR')  global_best=2.8152 log2  τ=0.64  β=0.032
Ep  77/100  reward=+1.5356 log2  ep_best=5.4260 log2 ('RVGRKLFRRLKGLKKKKVK')  global_best=2.8152 log2  τ=0.62  β=0.031
Ep  78/100  reward=+2.9607 log2  ep_best=4.0009 log2 ('RMSRKLVRFVKGLWWRWRR')  global_best=2.8152 log2  τ=0.60  β=0.030
Ep  79/100  reward=+2.4585 log2  ep_best=4.5031 log2 ('RSARKLFRRVKGLRRKWFK')  global_best=2.8152 log2  τ=0.58  β=0.029
Ep  80/100  reward=+2.3265 log2  ep_best=4.6352 log2 ('RVGRKLVRFGKGLKKWKRW')  global_best=2.8152 log2  τ=0.56  β=0.028
Ep  81/100  reward=+3.8977 log2  ep_best=3.0639 log2 ('RLARKLVRFVKGLKKWKWW')  global_best=2.8152 log2  τ=0.55  β=0.027
Ep  82/100  reward=+3.8977 log2  ep_best=3.0639 log2 ('RLARKLVRFVKGLKKWKWW')  global_best=2.8152 log2  τ=0.53  β=0.026
Ep  83/100  reward=+3.7810 log2  ep_best=3.1806 log2 ('RLARNLVRFVKGLWKWKRW')  global_best=2.8152 log2  τ=0.51  β=0.025
Ep  84/100  reward=+3.6086 log2  ep_best=3.3530 log2 ('RLARKLVRYVKGLRKWKRW')  global_best=2.8152 log2  τ=0.49  β=0.025
Ep  85/100  reward=+4.1021 log2  ep_best=2.8595 log2 ('RLGRKLVRFVKGLWKWKRW')  global_best=2.8152 log2  τ=0.47  β=0.024
Ep  86/100  reward=+2.8112 log2  ep_best=4.1505 log2 ('RAGRKLVRFVKGLKRWWRW')  global_best=2.8152 log2  τ=0.45  β=0.023
Ep  87/100  reward=+4.5276 log2  ep_best=2.4340 log2 ('RLSRKLVRYVKGLWKWKRW')  global_best=2.4340 log2  τ=0.44  β=0.022
Ep  88/100  reward=+3.6638 log2  ep_best=3.2978 log2 ('RVGRNLVRYVKGLWKWKRW')  global_best=2.4340 log2  τ=0.42  β=0.021
Ep  89/100  reward=+1.9823 log2  ep_best=4.9793 log2 ('RGARNLHRFVKGLKKWKRI')  global_best=2.4340 log2  τ=0.40  β=0.020
Ep  90/100  reward=+3.6097 log2  ep_best=3.3519 log2 ('RLGRKLVRFVKGLKKWKRW')  global_best=2.4340 log2  τ=0.38  β=0.019
Ep  91/100  reward=+4.1040 log2  ep_best=2.8577 log2 ('RLGRKLVRFVKGLKKWKWW')  global_best=2.4340 log2  τ=0.36  β=0.018
Ep  92/100  reward=+2.7583 log2  ep_best=4.2034 log2 ('RVGRKLVRFGKGLWWRKRR')  global_best=2.4340 log2  τ=0.35  β=0.017
Ep  93/100  reward=+2.6156 log2  ep_best=4.3461 log2 ('RVARKLVRFVKGGWKWKRW')  global_best=2.4340 log2  τ=0.33  β=0.016
Ep  94/100  reward=+2.9853 log2  ep_best=3.9764 log2 ('RLGRKLVRYVKGLRKKKRW')  global_best=2.4340 log2  τ=0.31  β=0.015
Ep  95/100  reward=+4.1983 log2  ep_best=2.7633 log2 ('RLGRKLVRFVKGLKKWKIK')  global_best=2.4340 log2  τ=0.29  β=0.015
Ep  96/100  reward=+3.9208 log2  ep_best=3.0408 log2 ('RVGRKLVRYVKGLWKRWRW')  global_best=2.4340 log2  τ=0.27  β=0.014
Ep  97/100  reward=+3.6097 log2  ep_best=3.3519 log2 ('RLGRKLVRFVKGLKKWKRW')  global_best=2.4340 log2  τ=0.25  β=0.013
Ep  98/100  reward=+0.5202 log2  ep_best=6.4414 log2 ('RMARNLVRFVQGLKKRKYK')  global_best=2.4340 log2  τ=0.24  β=0.012
Ep  99/100  reward=+2.9666 log2  ep_best=3.9950 log2 ('RLGRKLVRFGKGLKKWKRW')  global_best=2.4340 log2  τ=0.22  β=0.011
Ep 100/100  reward=+3.1161 log2  ep_best=3.8456 log2 ('RVGRKLVRYVKGLKKRWRW')  global_best=2.4340 log2  τ=0.20  β=0.010

Optimisation complete.
  Start : 'RMARNLVRYVQGLKKKKVI'  6.9616 log2 MIC  (124.6 µM)
  Best  : 'RLSRKLVRYVKGLWKWKRW'  2.4340 log2 MIC  (5.4 µM)
  Improvement: +4.5276 log2 MIC  (23.1x fold)
  Log saved  : results/hydrodamin-2_a2c_1772973527_log.csv
  JSON saved : results/hydrodamin-2_a2c_1772973527_results.json
  Done: 'hydrodamin-2'
==========================================
Finished: Sun Mar  8 01:39:54 PM CET 2026
==========================================
