==========================================
A2C Actor-Critic Optimizer: middle-1
Host: szary
GPU:  NVIDIA RTX 5000 Ada Generation
Started: Sun Mar  8 01:36:35 PM CET 2026
==========================================

======================================================================
  SEED: 'middle-1'  →  'FLYKWWIRIGRLKL'
======================================================================
Loading models …
Encoding start peptide: 'FLYKWWIRIGRLKL'
Start score (mean log2 MIC over E.coli): 4.0008
Ep   1/100  reward=+0.1017 log2  ep_best=3.8992 log2 ('RLYWWKCRFGRKWL')  global_best=3.8992 log2  τ=2.00  β=0.100
Ep   2/100  reward=+0.9405 log2  ep_best=3.0604 log2 ('RLYKWWIRIGRLWL')  global_best=3.0604 log2  τ=1.98  β=0.099
Ep   3/100  reward=+1.0142 log2  ep_best=2.9867 log2 ('RKYWKKVRIGRLWL')  global_best=2.9867 log2  τ=1.96  β=0.098
Ep   4/100  reward=+1.1243 log2  ep_best=2.8766 log2 ('RLYKWWIRIGRLKL')  global_best=2.8766 log2  τ=1.95  β=0.097
Ep   5/100  reward=+0.8539 log2  ep_best=3.1469 log2 ('RLYKWWFRIGRLKL')  global_best=2.8766 log2  τ=1.93  β=0.096
Ep   6/100  reward=+0.3595 log2  ep_best=3.6413 log2 ('RLYKWWCRRGRLWL')  global_best=2.8766 log2  τ=1.91  β=0.095
Ep   7/100  reward=+0.9405 log2  ep_best=3.0604 log2 ('RLYKWWIRIGRLWL')  global_best=2.8766 log2  τ=1.89  β=0.095
Ep   8/100  reward=+1.1243 log2  ep_best=2.8766 log2 ('RLYKWWIRIGRLKL')  global_best=2.8766 log2  τ=1.87  β=0.094
Ep   9/100  reward=+0.8163 log2  ep_best=3.1846 log2 ('RWYWWKVRWGRWWL')  global_best=2.8766 log2  τ=1.85  β=0.093
Ep  10/100  reward=+0.5207 log2  ep_best=3.4801 log2 ('RLYKWKCRWGRLWL')  global_best=2.8766 log2  τ=1.84  β=0.092
Ep  11/100  reward=+0.0000 log2  ep_best=4.0008 log2 ('FLYKWWIRIGRLKL')  global_best=2.8766 log2  τ=1.82  β=0.091
Ep  12/100  reward=+1.0239 log2  ep_best=2.9770 log2 ('RWYWKKVRWGRLWL')  global_best=2.8766 log2  τ=1.80  β=0.090
Ep  13/100  reward=+0.3351 log2  ep_best=3.6658 log2 ('RLYWWWIRIGRLKL')  global_best=2.8766 log2  τ=1.78  β=0.089
Ep  14/100  reward=+1.0739 log2  ep_best=2.9270 log2 ('RLYRWKVRWGRLWL')  global_best=2.8766 log2  τ=1.76  β=0.088
Ep  15/100  reward=+0.8539 log2  ep_best=3.1469 log2 ('RLYKWWFRIGRLKL')  global_best=2.8766 log2  τ=1.75  β=0.087
Ep  16/100  reward=+1.3899 log2  ep_best=2.6109 log2 ('RWYKWKVRIGRLWL')  global_best=2.6109 log2  τ=1.73  β=0.086
Ep  17/100  reward=+1.0239 log2  ep_best=2.9770 log2 ('RWYWKKVRWGRLWL')  global_best=2.6109 log2  τ=1.71  β=0.085
Ep  18/100  reward=+1.1243 log2  ep_best=2.8766 log2 ('RLYKWWIRIGRLKL')  global_best=2.6109 log2  τ=1.69  β=0.085
Ep  19/100  reward=+1.5441 log2  ep_best=2.4567 log2 ('RWYWWKVRRMRWWL')  global_best=2.4567 log2  τ=1.67  β=0.084
Ep  20/100  reward=+0.5902 log2  ep_best=3.4107 log2 ('RLYKWWYRWGRLWL')  global_best=2.4567 log2  τ=1.65  β=0.083
Ep  21/100  reward=+1.1243 log2  ep_best=2.8766 log2 ('RLYKWWIRIGRLKL')  global_best=2.4567 log2  τ=1.64  β=0.082
Ep  22/100  reward=+0.4871 log2  ep_best=3.5137 log2 ('RKYWWKVRWGRWWL')  global_best=2.4567 log2  τ=1.62  β=0.081
Ep  23/100  reward=+0.3351 log2  ep_best=3.6658 log2 ('RLYWWWIRIGRLKL')  global_best=2.4567 log2  τ=1.60  β=0.080
Ep  24/100  reward=+1.3874 log2  ep_best=2.6134 log2 ('RWRWKKVRWVRLWL')  global_best=2.4567 log2  τ=1.58  β=0.079
Ep  25/100  reward=+0.6784 log2  ep_best=3.3224 log2 ('RKYRWWYRWGRLWL')  global_best=2.4567 log2  τ=1.56  β=0.078
Ep  26/100  reward=+1.0710 log2  ep_best=2.9298 log2 ('RKYKWKVRIGRLWL')  global_best=2.4567 log2  τ=1.55  β=0.077
Ep  27/100  reward=+0.9405 log2  ep_best=3.0604 log2 ('RLYKWWIRIGRLWL')  global_best=2.4567 log2  τ=1.53  β=0.076
Ep  28/100  reward=+0.6553 log2  ep_best=3.3455 log2 ('RWYRWKVRRGRLWL')  global_best=2.4567 log2  τ=1.51  β=0.075
Ep  29/100  reward=+0.8366 log2  ep_best=3.1642 log2 ('RLYKWWIRFGRLKL')  global_best=2.4567 log2  τ=1.49  β=0.075
Ep  30/100  reward=+0.2404 log2  ep_best=3.7604 log2 ('FLYKWWIRIGRLWL')  global_best=2.4567 log2  τ=1.47  β=0.074
Ep  31/100  reward=+0.9128 log2  ep_best=3.0881 log2 ('RWYWKKVRFGRLWL')  global_best=2.4567 log2  τ=1.45  β=0.073
Ep  32/100  reward=+0.5953 log2  ep_best=3.4055 log2 ('RKYKWKVRWGRWWL')  global_best=2.4567 log2  τ=1.44  β=0.072
Ep  33/100  reward=+0.6774 log2  ep_best=3.3235 log2 ('RLYWWKVRRGRLWL')  global_best=2.4567 log2  τ=1.42  β=0.071
Ep  34/100  reward=+0.7584 log2  ep_best=3.2424 log2 ('RLYRWKCRWGRLWL')  global_best=2.4567 log2  τ=1.40  β=0.070
Ep  35/100  reward=+1.1243 log2  ep_best=2.8766 log2 ('RLYKWWIRIGRLKL')  global_best=2.4567 log2  τ=1.38  β=0.069
Ep  36/100  reward=+0.2967 log2  ep_best=3.7041 log2 ('RKYWWWIRIGRLWL')  global_best=2.4567 log2  τ=1.36  β=0.068
Ep  37/100  reward=+0.8539 log2  ep_best=3.1469 log2 ('RLYKWWFRIGRLKL')  global_best=2.4567 log2  τ=1.35  β=0.067
Ep  38/100  reward=+0.0000 log2  ep_best=4.0008 log2 ('FLYKWWIRIGRLKL')  global_best=2.4567 log2  τ=1.33  β=0.066
Ep  39/100  reward=+0.8366 log2  ep_best=3.1642 log2 ('RLYKWWIRFGRLKL')  global_best=2.4567 log2  τ=1.31  β=0.065
Ep  40/100  reward=+0.9401 log2  ep_best=3.0607 log2 ('RWYWWKVRWGRLWL')  global_best=2.4567 log2  τ=1.29  β=0.065
Ep  41/100  reward=+1.1243 log2  ep_best=2.8766 log2 ('RLYKWWIRIGRLKL')  global_best=2.4567 log2  τ=1.27  β=0.064
Ep  42/100  reward=+0.9405 log2  ep_best=3.0604 log2 ('RLYKWWIRIGRLWL')  global_best=2.4567 log2  τ=1.25  β=0.063
Ep  43/100  reward=+1.0193 log2  ep_best=2.9816 log2 ('RLYWKKVRWGRWWL')  global_best=2.4567 log2  τ=1.24  β=0.062
Ep  44/100  reward=+0.5762 log2  ep_best=3.4246 log2 ('RKYWWKVRWGRLWL')  global_best=2.4567 log2  τ=1.22  β=0.061
Ep  45/100  reward=+0.9492 log2  ep_best=3.0517 log2 ('RKYWKLVRWGRWWL')  global_best=2.4567 log2  τ=1.20  β=0.060
Ep  46/100  reward=+0.5762 log2  ep_best=3.4246 log2 ('RKYWWKVRWGRLWL')  global_best=2.4567 log2  τ=1.18  β=0.059
Ep  47/100  reward=+0.3351 log2  ep_best=3.6658 log2 ('RLYWWWIRIGRLKL')  global_best=2.4567 log2  τ=1.16  β=0.058
Ep  48/100  reward=+1.1243 log2  ep_best=2.8766 log2 ('RLYKWWIRIGRLKL')  global_best=2.4567 log2  τ=1.15  β=0.057
Ep  49/100  reward=+1.1243 log2  ep_best=2.8766 log2 ('RLYKWWIRIGRLKL')  global_best=2.4567 log2  τ=1.13  β=0.056
Ep  50/100  reward=+0.5418 log2  ep_best=3.4590 log2 ('RLYRWWYRRGRLWL')  global_best=2.4567 log2  τ=1.11  β=0.055
Ep  51/100  reward=+0.8539 log2  ep_best=3.1469 log2 ('RLYKWWFRIGRLKL')  global_best=2.4567 log2  τ=1.09  β=0.055
Ep  52/100  reward=+1.1243 log2  ep_best=2.8766 log2 ('RLYKWWIRIGRLKL')  global_best=2.4567 log2  τ=1.07  β=0.054
Ep  53/100  reward=+0.3725 log2  ep_best=3.6283 log2 ('RWYRWWCRWGRLWL')  global_best=2.4567 log2  τ=1.05  β=0.053
Ep  54/100  reward=+0.8614 log2  ep_best=3.1394 log2 ('RLYKWWYRIGRLWL')  global_best=2.4567 log2  τ=1.04  β=0.052
Ep  55/100  reward=+0.0000 log2  ep_best=4.0008 log2 ('FLYKWWIRIGRLKL')  global_best=2.4567 log2  τ=1.02  β=0.051
Ep  56/100  reward=+1.1243 log2  ep_best=2.8766 log2 ('RLYKWWIRIGRLKL')  global_best=2.4567 log2  τ=1.00  β=0.050
Ep  57/100  reward=+0.3351 log2  ep_best=3.6658 log2 ('RLYWWWIRIGRLKL')  global_best=2.4567 log2  τ=0.98  β=0.049
Ep  58/100  reward=+0.8614 log2  ep_best=3.1394 log2 ('RLYKWWYRIGRLWL')  global_best=2.4567 log2  τ=0.96  β=0.048
Ep  59/100  reward=+0.8539 log2  ep_best=3.1469 log2 ('RLYKWWFRIGRLKL')  global_best=2.4567 log2  τ=0.95  β=0.047
Ep  60/100  reward=+0.0744 log2  ep_best=3.9265 log2 ('RLYWWWYRRGRLWL')  global_best=2.4567 log2  τ=0.93  β=0.046
Ep  61/100  reward=+0.5953 log2  ep_best=3.4055 log2 ('RKYKWKVRWGRWWL')  global_best=2.4567 log2  τ=0.91  β=0.045
Ep  62/100  reward=+0.1209 log2  ep_best=3.8800 log2 ('RKYWWKFRWGRLWL')  global_best=2.4567 log2  τ=0.89  β=0.045
Ep  63/100  reward=+0.8366 log2  ep_best=3.1642 log2 ('RLYKWWIRFGRLKL')  global_best=2.4567 log2  τ=0.87  β=0.044
Ep  64/100  reward=+1.0739 log2  ep_best=2.9270 log2 ('RLYRWKVRWGRLWL')  global_best=2.4567 log2  τ=0.85  β=0.043
Ep  65/100  reward=+0.3351 log2  ep_best=3.6658 log2 ('RLYWWWIRIGRLKL')  global_best=2.4567 log2  τ=0.84  β=0.042
Ep  66/100  reward=+0.9405 log2  ep_best=3.0604 log2 ('RLYKWWIRIGRLWL')  global_best=2.4567 log2  τ=0.82  β=0.041
Ep  67/100  reward=+0.8156 log2  ep_best=3.1852 log2 ('RLYKWKFRIGRLWL')  global_best=2.4567 log2  τ=0.80  β=0.040
Ep  68/100  reward=+0.5902 log2  ep_best=3.4107 log2 ('RLYKWWYRWGRLWL')  global_best=2.4567 log2  τ=0.78  β=0.039
Ep  69/100  reward=+0.5953 log2  ep_best=3.4055 log2 ('RKYKWKVRWGRWWL')  global_best=2.4567 log2  τ=0.76  β=0.038
Ep  70/100  reward=+0.9405 log2  ep_best=3.0604 log2 ('RLYKWWIRIGRLWL')  global_best=2.4567 log2  τ=0.75  β=0.037
Ep  71/100  reward=+0.8539 log2  ep_best=3.1469 log2 ('RLYKWWFRIGRLKL')  global_best=2.4567 log2  τ=0.73  β=0.036
Ep  72/100  reward=+0.3351 log2  ep_best=3.6658 log2 ('RLYWWWIRIGRLKL')  global_best=2.4567 log2  τ=0.71  β=0.035
Ep  73/100  reward=+0.0000 log2  ep_best=4.0008 log2 ('FLYKWWIRIGRLKL')  global_best=2.4567 log2  τ=0.69  β=0.035
Ep  74/100  reward=+0.2534 log2  ep_best=3.7475 log2 ('RWYWWWFRKGRLWL')  global_best=2.4567 log2  τ=0.67  β=0.034
Ep  75/100  reward=+1.1243 log2  ep_best=2.8766 log2 ('RLYKWWIRIGRLKL')  global_best=2.4567 log2  τ=0.65  β=0.033
Ep  76/100  reward=+0.2313 log2  ep_best=3.7696 log2 ('RLYWWKFRKGRLWL')  global_best=2.4567 log2  τ=0.64  β=0.032
Ep  77/100  reward=+0.9405 log2  ep_best=3.0604 log2 ('RLYKWWIRIGRLWL')  global_best=2.4567 log2  τ=0.62  β=0.031
Ep  78/100  reward=+0.7324 log2  ep_best=3.2685 log2 ('RLYWWWIRKGRLWL')  global_best=2.4567 log2  τ=0.60  β=0.030
Ep  79/100  reward=+0.5019 log2  ep_best=3.4989 log2 ('RLYKWWFRKGRLWL')  global_best=2.4567 log2  τ=0.58  β=0.029
Ep  80/100  reward=+1.1243 log2  ep_best=2.8766 log2 ('RLYKWWIRIGRLKL')  global_best=2.4567 log2  τ=0.56  β=0.028
Ep  81/100  reward=+0.8163 log2  ep_best=3.1846 log2 ('RWYWWKVRWGRWWL')  global_best=2.4567 log2  τ=0.55  β=0.027
Ep  82/100  reward=+0.8773 log2  ep_best=3.1236 log2 ('RLYWWKVRWGRKWL')  global_best=2.4567 log2  τ=0.53  β=0.026
Ep  83/100  reward=+0.7635 log2  ep_best=3.2374 log2 ('RKYWKKVRYGRLWL')  global_best=2.4567 log2  τ=0.51  β=0.025
Ep  84/100  reward=+1.0239 log2  ep_best=2.9770 log2 ('RWYWKKVRWGRLWL')  global_best=2.4567 log2  τ=0.49  β=0.025
Ep  85/100  reward=+0.2967 log2  ep_best=3.7041 log2 ('RKYWWWIRIGRLWL')  global_best=2.4567 log2  τ=0.47  β=0.024
Ep  86/100  reward=+0.8540 log2  ep_best=3.1468 log2 ('RWRWKKVRWGRWWL')  global_best=2.4567 log2  τ=0.45  β=0.023
Ep  87/100  reward=+0.9405 log2  ep_best=3.0604 log2 ('RLYKWWIRIGRLWL')  global_best=2.4567 log2  τ=0.44  β=0.022
Ep  88/100  reward=+1.0239 log2  ep_best=2.9770 log2 ('RWYWKKVRWGRLWL')  global_best=2.4567 log2  τ=0.42  β=0.021
Ep  89/100  reward=+0.8539 log2  ep_best=3.1469 log2 ('RLYKWWFRIGRLKL')  global_best=2.4567 log2  τ=0.40  β=0.020
Ep  90/100  reward=+0.5502 log2  ep_best=3.4507 log2 ('RLYKWWFRIGRLWL')  global_best=2.4567 log2  τ=0.38  β=0.019
Ep  91/100  reward=+0.7200 log2  ep_best=3.2808 log2 ('RKYKWKVRWGRLWL')  global_best=2.4567 log2  τ=0.36  β=0.018
Ep  92/100  reward=+1.1243 log2  ep_best=2.8766 log2 ('RLYKWWIRIGRLKL')  global_best=2.4567 log2  τ=0.35  β=0.017
Ep  93/100  reward=+0.0000 log2  ep_best=4.0008 log2 ('FLYKWWIRIGRLKL')  global_best=2.4567 log2  τ=0.33  β=0.016
Ep  94/100  reward=+1.1243 log2  ep_best=2.8766 log2 ('RLYKWWIRIGRLKL')  global_best=2.4567 log2  τ=0.31  β=0.015
Ep  95/100  reward=+0.2047 log2  ep_best=3.7961 log2 ('RLYWWKYRRGRLWL')  global_best=2.4567 log2  τ=0.29  β=0.015
Ep  96/100  reward=+0.8540 log2  ep_best=3.1468 log2 ('RWRWKKVRWGRWWL')  global_best=2.4567 log2  τ=0.27  β=0.014
Ep  97/100  reward=+1.2138 log2  ep_best=2.7871 log2 ('RWRWKKVRWVRKWL')  global_best=2.4567 log2  τ=0.25  β=0.013
Ep  98/100  reward=+0.2539 log2  ep_best=3.7469 log2 ('RLYKWWIRPGRLWL')  global_best=2.4567 log2  τ=0.24  β=0.012
Ep  99/100  reward=+0.8773 log2  ep_best=3.1236 log2 ('RLYWWKVRWGRKWL')  global_best=2.4567 log2  τ=0.22  β=0.011
Ep 100/100  reward=+0.5902 log2  ep_best=3.4107 log2 ('RLYKWWYRWGRLWL')  global_best=2.4567 log2  τ=0.20  β=0.010

Optimisation complete.
  Start : 'FLYKWWIRIGRLKL'  4.0008 log2 MIC  (16.0 µM)
  Best  : 'RWYWWKVRRMRWWL'  2.4567 log2 MIC  (5.5 µM)
  Improvement: +1.5441 log2 MIC  (2.9x fold)
  Log saved  : results/middle-1_a2c_1772973401_log.csv
  JSON saved : results/middle-1_a2c_1772973401_results.json
  Done: 'middle-1'
==========================================
Finished: Sun Mar  8 01:37:30 PM CET 2026
==========================================
