==========================================
A2C Actor-Critic Optimizer: mammuthusin-3
Host: szary
GPU:  NVIDIA RTX 5000 Ada Generation
Started: Sun Mar  8 01:38:02 PM CET 2026
==========================================

======================================================================
  SEED: 'mammuthusin-3'  →  'KTLKIIRLLF'
======================================================================
Loading models …
Encoding start peptide: 'KTLKIIRLLF'
Start score (mean log2 MIC over E.coli): 4.3043
Ep   1/100  reward=+0.0000 log2  ep_best=4.3043 log2 ('KTLKIIRLLF')  global_best=4.3043 log2  τ=2.00  β=0.100
Ep   2/100  reward=+0.0000 log2  ep_best=4.3043 log2 ('KTLKIIRLLF')  global_best=4.3043 log2  τ=1.98  β=0.099
Ep   3/100  reward=+0.0000 log2  ep_best=4.3043 log2 ('KTLKIIRLLF')  global_best=4.3043 log2  τ=1.96  β=0.098
Ep   4/100  reward=+0.0000 log2  ep_best=4.3043 log2 ('KTLKIIRLLF')  global_best=4.3043 log2  τ=1.95  β=0.097
Ep   5/100  reward=+0.0000 log2  ep_best=4.3043 log2 ('KTLKIIRLLF')  global_best=4.3043 log2  τ=1.93  β=0.096
Ep   6/100  reward=+0.0000 log2  ep_best=4.3043 log2 ('KTLKIIRLLF')  global_best=4.3043 log2  τ=1.91  β=0.095
Ep   7/100  reward=+0.0000 log2  ep_best=4.3043 log2 ('KTLKIIRLLF')  global_best=4.3043 log2  τ=1.89  β=0.095
Ep   8/100  reward=+0.0000 log2  ep_best=4.3043 log2 ('KTLKIIRLLF')  global_best=4.3043 log2  τ=1.87  β=0.094
Ep   9/100  reward=+0.0000 log2  ep_best=4.3043 log2 ('KTLKIIRLLF')  global_best=4.3043 log2  τ=1.85  β=0.093
Ep  10/100  reward=+0.0000 log2  ep_best=4.3043 log2 ('KTLKIIRLLF')  global_best=4.3043 log2  τ=1.84  β=0.092
Ep  11/100  reward=+0.0000 log2  ep_best=4.3043 log2 ('KTLKIIRLLF')  global_best=4.3043 log2  τ=1.82  β=0.091
Ep  12/100  reward=+0.0000 log2  ep_best=4.3043 log2 ('KTLKIIRLLF')  global_best=4.3043 log2  τ=1.80  β=0.090
Ep  13/100  reward=+0.0000 log2  ep_best=4.3043 log2 ('KTLKIIRLLF')  global_best=4.3043 log2  τ=1.78  β=0.089
Ep  14/100  reward=+0.0000 log2  ep_best=4.3043 log2 ('KTLKIIRLLF')  global_best=4.3043 log2  τ=1.76  β=0.088
Ep  15/100  reward=+0.0000 log2  ep_best=4.3043 log2 ('KTLKIIRLLF')  global_best=4.3043 log2  τ=1.75  β=0.087
Ep  16/100  reward=+0.0000 log2  ep_best=4.3043 log2 ('KTLKIIRLLF')  global_best=4.3043 log2  τ=1.73  β=0.086
Ep  17/100  reward=+0.0000 log2  ep_best=4.3043 log2 ('KTLKIIRLLF')  global_best=4.3043 log2  τ=1.71  β=0.085
Ep  18/100  reward=+0.0000 log2  ep_best=4.3043 log2 ('KTLKIIRLLF')  global_best=4.3043 log2  τ=1.69  β=0.085
Ep  19/100  reward=+0.0000 log2  ep_best=4.3043 log2 ('KTLKIIRLLF')  global_best=4.3043 log2  τ=1.67  β=0.084
Ep  20/100  reward=+0.0000 log2  ep_best=4.3043 log2 ('KTLKIIRLLF')  global_best=4.3043 log2  τ=1.65  β=0.083
Ep  21/100  reward=+0.0000 log2  ep_best=4.3043 log2 ('KTLKIIRLLF')  global_best=4.3043 log2  τ=1.64  β=0.082
Ep  22/100  reward=+0.0000 log2  ep_best=4.3043 log2 ('KTLKIIRLLF')  global_best=4.3043 log2  τ=1.62  β=0.081
Ep  23/100  reward=+0.0000 log2  ep_best=4.3043 log2 ('KTLKIIRLLF')  global_best=4.3043 log2  τ=1.60  β=0.080
Ep  24/100  reward=+0.0000 log2  ep_best=4.3043 log2 ('KTLKIIRLLF')  global_best=4.3043 log2  τ=1.58  β=0.079
Ep  25/100  reward=+0.0000 log2  ep_best=4.3043 log2 ('KTLKIIRLLF')  global_best=4.3043 log2  τ=1.56  β=0.078
Ep  26/100  reward=+0.0000 log2  ep_best=4.3043 log2 ('KTLKIIRLLF')  global_best=4.3043 log2  τ=1.55  β=0.077
Ep  27/100  reward=+0.0000 log2  ep_best=4.3043 log2 ('KTLKIIRLLF')  global_best=4.3043 log2  τ=1.53  β=0.076
Ep  28/100  reward=+0.0000 log2  ep_best=4.3043 log2 ('KTLKIIRLLF')  global_best=4.3043 log2  τ=1.51  β=0.075
Ep  29/100  reward=+0.0000 log2  ep_best=4.3043 log2 ('KTLKIIRLLF')  global_best=4.3043 log2  τ=1.49  β=0.075
Ep  30/100  reward=+0.0000 log2  ep_best=4.3043 log2 ('KTLKIIRLLF')  global_best=4.3043 log2  τ=1.47  β=0.074
Ep  31/100  reward=+0.0000 log2  ep_best=4.3043 log2 ('KTLKIIRLLF')  global_best=4.3043 log2  τ=1.45  β=0.073
Ep  32/100  reward=+0.0000 log2  ep_best=4.3043 log2 ('KTLKIIRLLF')  global_best=4.3043 log2  τ=1.44  β=0.072
Ep  33/100  reward=+0.0000 log2  ep_best=4.3043 log2 ('KTLKIIRLLF')  global_best=4.3043 log2  τ=1.42  β=0.071
Ep  34/100  reward=+0.0000 log2  ep_best=4.3043 log2 ('KTLKIIRLLF')  global_best=4.3043 log2  τ=1.40  β=0.070
Ep  35/100  reward=+0.0000 log2  ep_best=4.3043 log2 ('KTLKIIRLLF')  global_best=4.3043 log2  τ=1.38  β=0.069
Ep  36/100  reward=+0.0000 log2  ep_best=4.3043 log2 ('KTLKIIRLLF')  global_best=4.3043 log2  τ=1.36  β=0.068
Ep  37/100  reward=+0.0000 log2  ep_best=4.3043 log2 ('KTLKIIRLLF')  global_best=4.3043 log2  τ=1.35  β=0.067
Ep  38/100  reward=+0.0000 log2  ep_best=4.3043 log2 ('KTLKIIRLLF')  global_best=4.3043 log2  τ=1.33  β=0.066
Ep  39/100  reward=+0.0000 log2  ep_best=4.3043 log2 ('KTLKIIRLLF')  global_best=4.3043 log2  τ=1.31  β=0.065
Ep  40/100  reward=+0.0000 log2  ep_best=4.3043 log2 ('KTLKIIRLLF')  global_best=4.3043 log2  τ=1.29  β=0.065
Ep  41/100  reward=+0.0000 log2  ep_best=4.3043 log2 ('KTLKIIRLLF')  global_best=4.3043 log2  τ=1.27  β=0.064
Ep  42/100  reward=+0.0000 log2  ep_best=4.3043 log2 ('KTLKIIRLLF')  global_best=4.3043 log2  τ=1.25  β=0.063
Ep  43/100  reward=+0.0000 log2  ep_best=4.3043 log2 ('KTLKIIRLLF')  global_best=4.3043 log2  τ=1.24  β=0.062
Ep  44/100  reward=+0.0000 log2  ep_best=4.3043 log2 ('KTLKIIRLLF')  global_best=4.3043 log2  τ=1.22  β=0.061
Ep  45/100  reward=+0.0000 log2  ep_best=4.3043 log2 ('KTLKIIRLLF')  global_best=4.3043 log2  τ=1.20  β=0.060
Ep  46/100  reward=+0.0000 log2  ep_best=4.3043 log2 ('KTLKIIRLLF')  global_best=4.3043 log2  τ=1.18  β=0.059
Ep  47/100  reward=+0.0000 log2  ep_best=4.3043 log2 ('KTLKIIRLLF')  global_best=4.3043 log2  τ=1.16  β=0.058
Ep  48/100  reward=+0.0000 log2  ep_best=4.3043 log2 ('KTLKIIRLLF')  global_best=4.3043 log2  τ=1.15  β=0.057
Ep  49/100  reward=+0.0000 log2  ep_best=4.3043 log2 ('KTLKIIRLLF')  global_best=4.3043 log2  τ=1.13  β=0.056
Ep  50/100  reward=+0.0000 log2  ep_best=4.3043 log2 ('KTLKIIRLLF')  global_best=4.3043 log2  τ=1.11  β=0.055
Ep  51/100  reward=+0.0000 log2  ep_best=4.3043 log2 ('KTLKIIRLLF')  global_best=4.3043 log2  τ=1.09  β=0.055
Ep  52/100  reward=+0.0000 log2  ep_best=4.3043 log2 ('KTLKIIRLLF')  global_best=4.3043 log2  τ=1.07  β=0.054
Ep  53/100  reward=+0.0000 log2  ep_best=4.3043 log2 ('KTLKIIRLLF')  global_best=4.3043 log2  τ=1.05  β=0.053
Ep  54/100  reward=+0.0000 log2  ep_best=4.3043 log2 ('KTLKIIRLLF')  global_best=4.3043 log2  τ=1.04  β=0.052
Ep  55/100  reward=+0.0000 log2  ep_best=4.3043 log2 ('KTLKIIRLLF')  global_best=4.3043 log2  τ=1.02  β=0.051
Ep  56/100  reward=+0.0000 log2  ep_best=4.3043 log2 ('KTLKIIRLLF')  global_best=4.3043 log2  τ=1.00  β=0.050
Ep  57/100  reward=+0.0000 log2  ep_best=4.3043 log2 ('KTLKIIRLLF')  global_best=4.3043 log2  τ=0.98  β=0.049
Ep  58/100  reward=+0.0000 log2  ep_best=4.3043 log2 ('KTLKIIRLLF')  global_best=4.3043 log2  τ=0.96  β=0.048
Ep  59/100  reward=+0.0000 log2  ep_best=4.3043 log2 ('KTLKIIRLLF')  global_best=4.3043 log2  τ=0.95  β=0.047
Ep  60/100  reward=+0.0000 log2  ep_best=4.3043 log2 ('KTLKIIRLLF')  global_best=4.3043 log2  τ=0.93  β=0.046
Ep  61/100  reward=+0.0000 log2  ep_best=4.3043 log2 ('KTLKIIRLLF')  global_best=4.3043 log2  τ=0.91  β=0.045
Ep  62/100  reward=+0.0000 log2  ep_best=4.3043 log2 ('KTLKIIRLLF')  global_best=4.3043 log2  τ=0.89  β=0.045
Ep  63/100  reward=+0.0000 log2  ep_best=4.3043 log2 ('KTLKIIRLLF')  global_best=4.3043 log2  τ=0.87  β=0.044
Ep  64/100  reward=+0.0000 log2  ep_best=4.3043 log2 ('KTLKIIRLLF')  global_best=4.3043 log2  τ=0.85  β=0.043
Ep  65/100  reward=+0.0000 log2  ep_best=4.3043 log2 ('KTLKIIRLLF')  global_best=4.3043 log2  τ=0.84  β=0.042
Ep  66/100  reward=+0.0000 log2  ep_best=4.3043 log2 ('KTLKIIRLLF')  global_best=4.3043 log2  τ=0.82  β=0.041
Ep  67/100  reward=+0.0000 log2  ep_best=4.3043 log2 ('KTLKIIRLLF')  global_best=4.3043 log2  τ=0.80  β=0.040
Ep  68/100  reward=+0.0000 log2  ep_best=4.3043 log2 ('KTLKIIRLLF')  global_best=4.3043 log2  τ=0.78  β=0.039
Ep  69/100  reward=+0.0000 log2  ep_best=4.3043 log2 ('KTLKIIRLLF')  global_best=4.3043 log2  τ=0.76  β=0.038
Ep  70/100  reward=+0.0000 log2  ep_best=4.3043 log2 ('KTLKIIRLLF')  global_best=4.3043 log2  τ=0.75  β=0.037
Ep  71/100  reward=+0.0000 log2  ep_best=4.3043 log2 ('KTLKIIRLLF')  global_best=4.3043 log2  τ=0.73  β=0.036
Ep  72/100  reward=+0.0000 log2  ep_best=4.3043 log2 ('KTLKIIRLLF')  global_best=4.3043 log2  τ=0.71  β=0.035
Ep  73/100  reward=+0.0000 log2  ep_best=4.3043 log2 ('KTLKIIRLLF')  global_best=4.3043 log2  τ=0.69  β=0.035
Ep  74/100  reward=+0.0000 log2  ep_best=4.3043 log2 ('KTLKIIRLLF')  global_best=4.3043 log2  τ=0.67  β=0.034
Ep  75/100  reward=+0.0000 log2  ep_best=4.3043 log2 ('KTLKIIRLLF')  global_best=4.3043 log2  τ=0.65  β=0.033
Ep  76/100  reward=+0.0000 log2  ep_best=4.3043 log2 ('KTLKIIRLLF')  global_best=4.3043 log2  τ=0.64  β=0.032
Ep  77/100  reward=+0.0000 log2  ep_best=4.3043 log2 ('KTLKIIRLLF')  global_best=4.3043 log2  τ=0.62  β=0.031
Ep  78/100  reward=+0.0000 log2  ep_best=4.3043 log2 ('KTLKIIRLLF')  global_best=4.3043 log2  τ=0.60  β=0.030
Ep  79/100  reward=+0.0000 log2  ep_best=4.3043 log2 ('KTLKIIRLLF')  global_best=4.3043 log2  τ=0.58  β=0.029
Ep  80/100  reward=+0.0000 log2  ep_best=4.3043 log2 ('KTLKIIRLLF')  global_best=4.3043 log2  τ=0.56  β=0.028
Ep  81/100  reward=+0.0000 log2  ep_best=4.3043 log2 ('KTLKIIRLLF')  global_best=4.3043 log2  τ=0.55  β=0.027
Ep  82/100  reward=+0.0000 log2  ep_best=4.3043 log2 ('KTLKIIRLLF')  global_best=4.3043 log2  τ=0.53  β=0.026
Ep  83/100  reward=+0.0000 log2  ep_best=4.3043 log2 ('KTLKIIRLLF')  global_best=4.3043 log2  τ=0.51  β=0.025
Ep  84/100  reward=+0.0000 log2  ep_best=4.3043 log2 ('KTLKIIRLLF')  global_best=4.3043 log2  τ=0.49  β=0.025
Ep  85/100  reward=+0.0000 log2  ep_best=4.3043 log2 ('KTLKIIRLLF')  global_best=4.3043 log2  τ=0.47  β=0.024
Ep  86/100  reward=+0.0000 log2  ep_best=4.3043 log2 ('KTLKIIRLLF')  global_best=4.3043 log2  τ=0.45  β=0.023
Ep  87/100  reward=+0.0000 log2  ep_best=4.3043 log2 ('KTLKIIRLLF')  global_best=4.3043 log2  τ=0.44  β=0.022
Ep  88/100  reward=+0.0000 log2  ep_best=4.3043 log2 ('KTLKIIRLLF')  global_best=4.3043 log2  τ=0.42  β=0.021
Ep  89/100  reward=+0.0000 log2  ep_best=4.3043 log2 ('KTLKIIRLLF')  global_best=4.3043 log2  τ=0.40  β=0.020
Ep  90/100  reward=+0.0000 log2  ep_best=4.3043 log2 ('KTLKIIRLLF')  global_best=4.3043 log2  τ=0.38  β=0.019
Ep  91/100  reward=+0.0000 log2  ep_best=4.3043 log2 ('KTLKIIRLLF')  global_best=4.3043 log2  τ=0.36  β=0.018
Ep  92/100  reward=+0.0000 log2  ep_best=4.3043 log2 ('KTLKIIRLLF')  global_best=4.3043 log2  τ=0.35  β=0.017
Ep  93/100  reward=+0.0000 log2  ep_best=4.3043 log2 ('KTLKIIRLLF')  global_best=4.3043 log2  τ=0.33  β=0.016
Ep  94/100  reward=+0.0000 log2  ep_best=4.3043 log2 ('KTLKIIRLLF')  global_best=4.3043 log2  τ=0.31  β=0.015
Ep  95/100  reward=+0.0000 log2  ep_best=4.3043 log2 ('KTLKIIRLLF')  global_best=4.3043 log2  τ=0.29  β=0.015
Ep  96/100  reward=+0.0000 log2  ep_best=4.3043 log2 ('KTLKIIRLLF')  global_best=4.3043 log2  τ=0.27  β=0.014
Ep  97/100  reward=+0.0000 log2  ep_best=4.3043 log2 ('KTLKIIRLLF')  global_best=4.3043 log2  τ=0.25  β=0.013
Ep  98/100  reward=+0.0000 log2  ep_best=4.3043 log2 ('KTLKIIRLLF')  global_best=4.3043 log2  τ=0.24  β=0.012
Ep  99/100  reward=+0.0000 log2  ep_best=4.3043 log2 ('KTLKIIRLLF')  global_best=4.3043 log2  τ=0.22  β=0.011
Ep 100/100  reward=+0.0000 log2  ep_best=4.3043 log2 ('KTLKIIRLLF')  global_best=4.3043 log2  τ=0.20  β=0.010

Optimisation complete.
  Start : 'KTLKIIRLLF'  4.3043 log2 MIC  (19.8 µM)
  Best  : 'KTLKIIRLLF'  4.3043 log2 MIC  (19.8 µM)
  Improvement: +0.0000 log2 MIC  (1.0x fold)
  Log saved  : results/mammuthusin-3_a2c_1772973487_log.csv
  JSON saved : results/mammuthusin-3_a2c_1772973487_results.json
  Done: 'mammuthusin-3'
==========================================
Finished: Sun Mar  8 01:38:20 PM CET 2026
==========================================
