==================================================
Peptide: hydrodamin-2
Node   : szary
GPU    : NVIDIA RTX 5000 Ada Generation
Python : Python 3.12.3
==================================================

======================================================================
  SEED: 'hydrodamin-2'  →  'RMARNLVRYVQGLKKKKVI'
======================================================================
Loading models …
Encoding start peptide: 'RMARNLVRYVQGLKKKKVI'
Start score (mean log2 MIC over E.coli): 6.9616
Ep   1/100  reward=+3.8977  ep_best=3.0639 ('RLARKLVRFVKGLKKWKWW')  global_best=3.0639  ε=1.000
Ep   2/100  reward=+3.8913  ep_best=3.0704 ('RVARKLVRYVKGLWKRWRW')  global_best=3.0639  ε=0.947
Ep   3/100  reward=+3.6105  ep_best=3.3511 ('RVGRKLVRFVKGLKKWWWW')  global_best=3.0639  ε=0.887
Ep   4/100  reward=+3.6097  ep_best=3.3519 ('RLGRKLVRFVKGLKKWKRW')  global_best=3.0639  ε=0.879
Ep   5/100  reward=+4.1040  ep_best=2.8577 ('RLGRKLVRFVKGLKKWKWW')  global_best=2.8577  ε=0.870
Ep   6/100  reward=+3.4143  ep_best=3.5474 ('RLARKLVRFVKGLKKWKRW')  global_best=2.8577  ε=0.861
Ep   7/100  reward=+3.6097  ep_best=3.3519 ('RLGRKLVRFVKGLKKWKRW')  global_best=2.8577  ε=0.853
Ep   8/100  reward=+3.6227  ep_best=3.3389 ('RLARKLVRFVKGLRKWWRW')  global_best=2.8577  ε=0.844
Ep   9/100  reward=+3.8817  ep_best=3.0799 ('RLSRKLVRFVKGLKKWKWW')  global_best=2.8577  ε=0.835
Ep  10/100  reward=+3.6086  ep_best=3.3530 ('RLARKLVRYVKGLRKWKRW')  global_best=2.8577  ε=0.826
Ep  11/100  reward=+3.7354  ep_best=3.2262 ('RVGRKLVRFVKGLWKWWRW')  global_best=2.8577  ε=0.818
Ep  12/100  reward=+3.6097  ep_best=3.3519 ('RLGRKLVRFVKGLKKWKRW')  global_best=2.8577  ε=0.809
Ep  13/100  reward=+3.3550  ep_best=3.6066 ('RLARKLVRFVKGLKKWKRI')  global_best=2.8577  ε=0.800
Ep  14/100  reward=+3.6097  ep_best=3.3519 ('RLGRKLVRFVKGLKKWKRW')  global_best=2.8577  ε=0.792
Ep  15/100  reward=+3.2680  ep_best=3.6936 ('RVARNLVRFVKGLWKRWRW')  global_best=2.8577  ε=0.783
Ep  16/100  reward=+3.5991  ep_best=3.3625 ('RVARKLVRFVKGLKKWWRF')  global_best=2.8577  ε=0.774
Ep  17/100  reward=+3.4143  ep_best=3.5474 ('RLARKLVRFVKGLKKWKRW')  global_best=2.8577  ε=0.766
Ep  18/100  reward=+3.6097  ep_best=3.3519 ('RLGRKLVRFVKGLKKWKRW')  global_best=2.8577  ε=0.757
Ep  19/100  reward=+3.4143  ep_best=3.5474 ('RLARKLVRFVKGLKKWKRW')  global_best=2.8577  ε=0.748
Ep  20/100  reward=+4.1040  ep_best=2.8577 ('RLGRKLVRFVKGLKKWKWW')  global_best=2.8577  ε=0.740
Ep  21/100  reward=+3.2921  ep_best=3.6695 ('RVARNLVRYVKGLWKRKRW')  global_best=2.8577  ε=0.731
Ep  22/100  reward=+3.4143  ep_best=3.5474 ('RLARKLVRFVKGLKKWKRW')  global_best=2.8577  ε=0.722
Ep  23/100  reward=+3.9835  ep_best=2.9781 ('RLARKLVRFVKGLWKWKRW')  global_best=2.8577  ε=0.714
Ep  24/100  reward=+3.6097  ep_best=3.3519 ('RLGRKLVRFVKGLKKWKRW')  global_best=2.8577  ε=0.705
Ep  25/100  reward=+3.5379  ep_best=3.4237 ('RLGRKLVRFVKGLKKWKRI')  global_best=2.8577  ε=0.696
Ep  26/100  reward=+2.9488  ep_best=4.0129 ('RVGRKLVRFVKGLKKWKRW')  global_best=2.8577  ε=0.688
Ep  27/100  reward=+3.9835  ep_best=2.9781 ('RLARKLVRFVKGLWKWKRW')  global_best=2.8577  ε=0.679
Ep  28/100  reward=+3.4143  ep_best=3.5474 ('RLARKLVRFVKGLKKWKRW')  global_best=2.8577  ε=0.670
Ep  29/100  reward=+2.9223  ep_best=4.0394 ('RVARKLVRFVKGLKKWKRW')  global_best=2.8577  ε=0.662
Ep  30/100  reward=+2.9223  ep_best=4.0394 ('RVARKLVRFVKGLKKWKRW')  global_best=2.8577  ε=0.653
Ep  31/100  reward=+3.5774  ep_best=3.3842 ('RGARKLVRFVKGLWKWWRF')  global_best=2.8577  ε=0.644
Ep  32/100  reward=+3.4143  ep_best=3.5474 ('RLARKLVRFVKGLKKWKRW')  global_best=2.8577  ε=0.636
Ep  33/100  reward=+3.8089  ep_best=3.1528 ('RVARKLVRFVKGLKKWKYI')  global_best=2.8577  ε=0.627
Ep  34/100  reward=+3.2221  ep_best=3.7395 ('RVARKLVRYNWGLRRKRRW')  global_best=2.8577  ε=0.618
Ep  35/100  reward=+2.7231  ep_best=4.2386 ('RVARNLVRFVKVAKKRWRW')  global_best=2.8577  ε=0.609
Ep  36/100  reward=+2.8398  ep_best=4.1218 ('RGARKLVRFVKGLKKWKRI')  global_best=2.8577  ε=0.601
Ep  37/100  reward=+3.3141  ep_best=3.6475 ('RGARKLVRYVKGLKKWKRI')  global_best=2.8577  ε=0.592
Ep  38/100  reward=+2.2076  ep_best=4.7541 ('RVARKLVRYVQGLKKKKFK')  global_best=2.8577  ε=0.583
Ep  39/100  reward=+3.4263  ep_best=3.5353 ('RVARKLVRFVKGLWKRWRW')  global_best=2.8577  ε=0.575
Ep  40/100  reward=+2.5545  ep_best=4.4071 ('RVARKLVRFVKGLKKWKRK')  global_best=2.8577  ε=0.566
Ep  41/100  reward=+3.5304  ep_best=3.4312 ('RGARKLVRFVKGLKKWWRF')  global_best=2.8577  ε=0.557
Ep  42/100  reward=+3.1642  ep_best=3.7975 ('RMARKLVRFVKGLKKWKYI')  global_best=2.8577  ε=0.549
Ep  43/100  reward=+3.4143  ep_best=3.5474 ('RLARKLVRFVKGLKKWKRW')  global_best=2.8577  ε=0.540
Ep  44/100  reward=+3.6106  ep_best=3.3510 ('RVARKLVRFVKGLWKWKRW')  global_best=2.8577  ε=0.531
Ep  45/100  reward=+2.2696  ep_best=4.6920 ('RVGRKLVRFVLGLKKKKKK')  global_best=2.8577  ε=0.523
Ep  46/100  reward=+2.8692  ep_best=4.0924 ('RVGRKLVRFVKGLKKWKYR')  global_best=2.8577  ε=0.514
Ep  47/100  reward=+2.6925  ep_best=4.2691 ('RAARKLVRFVKGLKKWKRI')  global_best=2.8577  ε=0.505
Ep  48/100  reward=+3.8977  ep_best=3.0639 ('RLARKLVRFVKGLKKWKWW')  global_best=2.8577  ε=0.497
Ep  49/100  reward=+3.6106  ep_best=3.3510 ('RVARKLVRFVKGLWKWKRW')  global_best=2.8577  ε=0.488
Ep  50/100  reward=+3.3705  ep_best=3.5912 ('RVARKNVRYVKGLWKRWRW')  global_best=2.8577  ε=0.479
Ep  51/100  reward=+3.3176  ep_best=3.6441 ('RMARKLVRYVKGLKKWKYI')  global_best=2.8577  ε=0.471
Ep  52/100  reward=+3.4143  ep_best=3.5474 ('RLARKLVRFVKGLKKWKRW')  global_best=2.8577  ε=0.462
Ep  53/100  reward=+3.6097  ep_best=3.3519 ('RLGRKLVRFVKGLKKWKRW')  global_best=2.8577  ε=0.453
Ep  54/100  reward=+3.6097  ep_best=3.3519 ('RLGRKLVRFVKGLKKWKRW')  global_best=2.8577  ε=0.445
Ep  55/100  reward=+1.0279  ep_best=5.9338 ('RMARNLVRFVKGLKKRKRI')  global_best=2.8577  ε=0.436
Ep  56/100  reward=+1.1309  ep_best=5.8307 ('RMARNLVRFVKGLKKRKYI')  global_best=2.8577  ε=0.427
Ep  57/100  reward=+2.7034  ep_best=4.2583 ('RGGRKLVRFVQGLKWKKVW')  global_best=2.8577  ε=0.418
Ep  58/100  reward=+2.8193  ep_best=4.1424 ('RVGRKLVRFVKGLKKKKWK')  global_best=2.8577  ε=0.410
Ep  59/100  reward=+3.6097  ep_best=3.3519 ('RLGRKLVRFVKGLKKWKRW')  global_best=2.8577  ε=0.401
Ep  60/100  reward=+3.4143  ep_best=3.5474 ('RLARKLVRFVKGLKKWKRW')  global_best=2.8577  ε=0.392
Ep  61/100  reward=+3.6097  ep_best=3.3519 ('RLGRKLVRFVKGLKKWKRW')  global_best=2.8577  ε=0.384
Ep  62/100  reward=+3.4143  ep_best=3.5474 ('RLARKLVRFVKGLKKWKRW')  global_best=2.8577  ε=0.375
Ep  63/100  reward=+3.4143  ep_best=3.5474 ('RLARKLVRFVKGLKKWKRW')  global_best=2.8577  ε=0.366
Ep  64/100  reward=+3.6097  ep_best=3.3519 ('RLGRKLVRFVKGLKKWKRW')  global_best=2.8577  ε=0.358
Ep  65/100  reward=+2.4602  ep_best=4.5014 ('RLARKLVRFLKGLKKKKKK')  global_best=2.8577  ε=0.349
Ep  66/100  reward=+3.4837  ep_best=3.4779 ('RGARKLVRYVKGLKKWKHI')  global_best=2.8577  ε=0.340
Ep  67/100  reward=+2.6925  ep_best=4.2691 ('RAARKLVRFVKGLKKWKRI')  global_best=2.8577  ε=0.332
Ep  68/100  reward=+2.4602  ep_best=4.5014 ('RLARKLVRFLKGLKKKKKK')  global_best=2.8577  ε=0.323
Ep  69/100  reward=+3.0504  ep_best=3.9112 ('RVARKLVRFIKGLWKKKRW')  global_best=2.8577  ε=0.314
Ep  70/100  reward=+3.6097  ep_best=3.3519 ('RLGRKLVRFVKGLKKWKRW')  global_best=2.8577  ε=0.306
Ep  71/100  reward=+3.6097  ep_best=3.3519 ('RLGRKLVRFVKGLKKWKRW')  global_best=2.8577  ε=0.297
Ep  72/100  reward=+2.6925  ep_best=4.2691 ('RAARKLVRFVKGLKKWKRI')  global_best=2.8577  ε=0.288
Ep  73/100  reward=+2.8398  ep_best=4.1218 ('RGARKLVRFVKGLKKWKRI')  global_best=2.8577  ε=0.280
Ep  74/100  reward=+3.4106  ep_best=3.5510 ('RGARKLVRFVKGLKKWKFI')  global_best=2.8577  ε=0.271
Ep  75/100  reward=+2.8398  ep_best=4.1218 ('RGARKLVRFVKGLKKWKRI')  global_best=2.8577  ε=0.262
Ep  76/100  reward=+3.1642  ep_best=3.7975 ('RMARKLVRFVKGLKKWKYI')  global_best=2.8577  ε=0.254
Ep  77/100  reward=+3.4837  ep_best=3.4779 ('RGARKLVRYVKGLKKWKHI')  global_best=2.8577  ε=0.245
Ep  78/100  reward=+2.8398  ep_best=4.1218 ('RGARKLVRFVKGLKKWKRI')  global_best=2.8577  ε=0.236
Ep  79/100  reward=+3.8977  ep_best=3.0639 ('RLARKLVRFVKGLKKWKWW')  global_best=2.8577  ε=0.228
Ep  80/100  reward=+3.4143  ep_best=3.5474 ('RLARKLVRFVKGLKKWKRW')  global_best=2.8577  ε=0.219
Ep  81/100  reward=+3.8977  ep_best=3.0639 ('RLARKLVRFVKGLKKWKWW')  global_best=2.8577  ε=0.210
Ep  82/100  reward=+3.8977  ep_best=3.0639 ('RLARKLVRFVKGLKKWKWW')  global_best=2.8577  ε=0.201
Ep  83/100  reward=+3.8977  ep_best=3.0639 ('RLARKLVRFVKGLKKWKWW')  global_best=2.8577  ε=0.193
Ep  84/100  reward=+4.1021  ep_best=2.8595 ('RLGRKLVRFVKGLWKWKRW')  global_best=2.8577  ε=0.184
Ep  85/100  reward=+3.8977  ep_best=3.0639 ('RLARKLVRFVKGLKKWKWW')  global_best=2.8577  ε=0.175
Ep  86/100  reward=+3.8977  ep_best=3.0639 ('RLARKLVRFVKGLKKWKWW')  global_best=2.8577  ε=0.167
Ep  87/100  reward=+3.1642  ep_best=3.7975 ('RMARKLVRFVKGLKKWKYI')  global_best=2.8577  ε=0.158
Ep  88/100  reward=+3.4143  ep_best=3.5474 ('RLARKLVRFVKGLKKWKRW')  global_best=2.8577  ε=0.149
Ep  89/100  reward=+3.8977  ep_best=3.0639 ('RLARKLVRFVKGLKKWKWW')  global_best=2.8577  ε=0.141
Ep  90/100  reward=+3.1642  ep_best=3.7975 ('RMARKLVRFVKGLKKWKYI')  global_best=2.8577  ε=0.132
Ep  91/100  reward=+3.8977  ep_best=3.0639 ('RLARKLVRFVKGLKKWKWW')  global_best=2.8577  ε=0.123
Ep  92/100  reward=+3.6097  ep_best=3.3519 ('RLGRKLVRFVKGLKKWKRW')  global_best=2.8577  ε=0.115
Ep  93/100  reward=+3.4143  ep_best=3.5474 ('RLARKLVRFVKGLKKWKRW')  global_best=2.8577  ε=0.106
Ep  94/100  reward=+3.4143  ep_best=3.5474 ('RLARKLVRFVKGLKKWKRW')  global_best=2.8577  ε=0.097
Ep  95/100  reward=+3.9835  ep_best=2.9781 ('RLARKLVRFVKGLWKWKRW')  global_best=2.8577  ε=0.089
Ep  96/100  reward=+3.9835  ep_best=2.9781 ('RLARKLVRFVKGLWKWKRW')  global_best=2.8577  ε=0.080
Ep  97/100  reward=+3.4143  ep_best=3.5474 ('RLARKLVRFVKGLKKWKRW')  global_best=2.8577  ε=0.071
Ep  98/100  reward=+3.6097  ep_best=3.3519 ('RLGRKLVRFVKGLKKWKRW')  global_best=2.8577  ε=0.063
Ep  99/100  reward=+3.4143  ep_best=3.5474 ('RLARKLVRFVKGLKKWKRW')  global_best=2.8577  ε=0.054
Ep 100/100  reward=+3.4143  ep_best=3.5474 ('RLARKLVRFVKGLKKWKRW')  global_best=2.8577  ε=0.050

Optimisation complete.
  Start : 'RMARNLVRYVQGLKKKKVI'  score=6.9616
  Best  : 'RLGRKLVRFVKGLKKWKWW'  score=2.8577
  Improvement: +4.1040 log2-MIC units
  Log saved  : results/hydrodamin-2_rl_1772969464_log.csv
  JSON saved : results/hydrodamin-2_rl_1772969464_results.json
  Done: 'hydrodamin-2'
Done: hydrodamin-2
