==================================================
Peptide: jurand-7
Node   : szary
GPU    : NVIDIA RTX 5000 Ada Generation
Python : Python 3.12.3
==================================================

======================================================================
  SEED: 'jurand-7'  →  'KKYWLIRKWIRLWFLT'
======================================================================
Loading models …
Encoding start peptide: 'KKYWLIRKWIRLWFLT'
Start score (mean log2 MIC over E.coli): 2.7091
Ep   1/100  reward=+0.5022  ep_best=2.2068 ('KKFWLIRKWIRLWFKL')  global_best=2.2068  ε=1.000
Ep   2/100  reward=+0.4572  ep_best=2.2519 ('KKCWLIRKWIRLWFKL')  global_best=2.2068  ε=0.947
Ep   3/100  reward=+0.6230  ep_best=2.0860 ('KKYWLIRKWIRLWFKL')  global_best=2.0860  ε=0.887
Ep   4/100  reward=+0.1616  ep_best=2.5475 ('KKYWLIRKWIRLWFKT')  global_best=2.0860  ε=0.879
Ep   5/100  reward=+0.6230  ep_best=2.0860 ('KKYWLIRKWIRLWFKL')  global_best=2.0860  ε=0.870
Ep   6/100  reward=+0.4572  ep_best=2.2519 ('KKCWLIRKWIRLWFKL')  global_best=2.0860  ε=0.861
Ep   7/100  reward=+0.5022  ep_best=2.2068 ('KKFWLIRKWIRLWFKL')  global_best=2.0860  ε=0.853
Ep   8/100  reward=+0.6230  ep_best=2.0860 ('KKYWLIRKWIRLWFKL')  global_best=2.0860  ε=0.844
Ep   9/100  reward=+0.6230  ep_best=2.0860 ('KKYWLIRKWIRLWFKL')  global_best=2.0860  ε=0.835
Ep  10/100  reward=+0.0183  ep_best=2.6908 ('KKYWLIRKWIRLWFNT')  global_best=2.0860  ε=0.826
Ep  11/100  reward=+0.6230  ep_best=2.0860 ('KKYWLIRKWIRLWFKL')  global_best=2.0860  ε=0.818
Ep  12/100  reward=+0.1675  ep_best=2.5416 ('KWCWLIRKWKRLKYWL')  global_best=2.0860  ε=0.809
Ep  13/100  reward=+0.6230  ep_best=2.0860 ('KKYWLIRKWIRLWFKL')  global_best=2.0860  ε=0.800
Ep  14/100  reward=+0.6230  ep_best=2.0860 ('KKYWLIRKWIRLWFKL')  global_best=2.0860  ε=0.792
Ep  15/100  reward=+0.6230  ep_best=2.0860 ('KKYWLIRKWIRLWFKL')  global_best=2.0860  ε=0.783
Ep  16/100  reward=+0.0452  ep_best=2.6638 ('KKYWLIRKWIRLWFLL')  global_best=2.0860  ε=0.774
Ep  17/100  reward=+0.6230  ep_best=2.0860 ('KKYWLIRKWIRLWFKL')  global_best=2.0860  ε=0.766
Ep  18/100  reward=+0.4572  ep_best=2.2519 ('KKCWLIRKWIRLWFKL')  global_best=2.0860  ε=0.757
Ep  19/100  reward=+0.4572  ep_best=2.2519 ('KKCWLIRKWIRLWFKL')  global_best=2.0860  ε=0.748
Ep  20/100  reward=+0.4572  ep_best=2.2519 ('KKCWLIRKWIRLWFKL')  global_best=2.0860  ε=0.740
Ep  21/100  reward=+0.2401  ep_best=2.4689 ('KKYWLIRKWIRLWFRL')  global_best=2.0860  ε=0.731
Ep  22/100  reward=+0.6230  ep_best=2.0860 ('KKYWLIRKWIRLWFKL')  global_best=2.0860  ε=0.722
Ep  23/100  reward=+0.6230  ep_best=2.0860 ('KKYWLIRKWIRLWFKL')  global_best=2.0860  ε=0.714
Ep  24/100  reward=+0.0183  ep_best=2.6908 ('KKYWLIRKWIRLWFNT')  global_best=2.0860  ε=0.705
Ep  25/100  reward=+0.6230  ep_best=2.0860 ('KKYWLIRKWIRLWFKL')  global_best=2.0860  ε=0.696
Ep  26/100  reward=+0.1616  ep_best=2.5475 ('KKYWLIRKWIRLWFKT')  global_best=2.0860  ε=0.688
Ep  27/100  reward=+0.1616  ep_best=2.5475 ('KKYWLIRKWIRLWFKT')  global_best=2.0860  ε=0.679
Ep  28/100  reward=+0.6230  ep_best=2.0860 ('KKYWLIRKWIRLWFKL')  global_best=2.0860  ε=0.670
Ep  29/100  reward=+0.1675  ep_best=2.5416 ('KWCWLIRKWKRLKYWL')  global_best=2.0860  ε=0.662
Ep  30/100  reward=+0.6230  ep_best=2.0860 ('KKYWLIRKWIRLWFKL')  global_best=2.0860  ε=0.653
Ep  31/100  reward=+0.5022  ep_best=2.2068 ('KKFWLIRKWIRLWFKL')  global_best=2.0860  ε=0.644
Ep  32/100  reward=+0.6230  ep_best=2.0860 ('KKYWLIRKWIRLWFKL')  global_best=2.0860  ε=0.636
Ep  33/100  reward=+0.6230  ep_best=2.0860 ('KKYWLIRKWIRLWFKL')  global_best=2.0860  ε=0.627
Ep  34/100  reward=+0.6230  ep_best=2.0860 ('KKYWLIRKWIRLWFKL')  global_best=2.0860  ε=0.618
Ep  35/100  reward=+0.1675  ep_best=2.5416 ('KWCWLIRKWKRLKYWL')  global_best=2.0860  ε=0.609
Ep  36/100  reward=+0.6230  ep_best=2.0860 ('KKYWLIRKWIRLWFKL')  global_best=2.0860  ε=0.601
Ep  37/100  reward=+0.4572  ep_best=2.2519 ('KKCWLIRKWIRLWFKL')  global_best=2.0860  ε=0.592
Ep  38/100  reward=+0.6230  ep_best=2.0860 ('KKYWLIRKWIRLWFKL')  global_best=2.0860  ε=0.583
Ep  39/100  reward=+0.0183  ep_best=2.6908 ('KKYWLIRKWIRLWFNT')  global_best=2.0860  ε=0.575
Ep  40/100  reward=+0.6230  ep_best=2.0860 ('KKYWLIRKWIRLWFKL')  global_best=2.0860  ε=0.566
Ep  41/100  reward=+0.2401  ep_best=2.4689 ('KKYWLIRKWIRLWFRL')  global_best=2.0860  ε=0.557
Ep  42/100  reward=+0.6230  ep_best=2.0860 ('KKYWLIRKWIRLWFKL')  global_best=2.0860  ε=0.549
Ep  43/100  reward=+0.5022  ep_best=2.2068 ('KKFWLIRKWIRLWFKL')  global_best=2.0860  ε=0.540
Ep  44/100  reward=+0.4572  ep_best=2.2519 ('KKCWLIRKWIRLWFKL')  global_best=2.0860  ε=0.531
Ep  45/100  reward=+0.6230  ep_best=2.0860 ('KKYWLIRKWIRLWFKL')  global_best=2.0860  ε=0.523
Ep  46/100  reward=+0.5022  ep_best=2.2068 ('KKFWLIRKWIRLWFKL')  global_best=2.0860  ε=0.514
Ep  47/100  reward=+0.6230  ep_best=2.0860 ('KKYWLIRKWIRLWFKL')  global_best=2.0860  ε=0.505
Ep  48/100  reward=+0.6230  ep_best=2.0860 ('KKYWLIRKWIRLWFKL')  global_best=2.0860  ε=0.497
Ep  49/100  reward=+0.6230  ep_best=2.0860 ('KKYWLIRKWIRLWFKL')  global_best=2.0860  ε=0.488
Ep  50/100  reward=+0.6230  ep_best=2.0860 ('KKYWLIRKWIRLWFKL')  global_best=2.0860  ε=0.479
Ep  51/100  reward=+0.6230  ep_best=2.0860 ('KKYWLIRKWIRLWFKL')  global_best=2.0860  ε=0.471
Ep  52/100  reward=+0.0452  ep_best=2.6638 ('KKYWLIRKWIRLWFLL')  global_best=2.0860  ε=0.462
Ep  53/100  reward=+0.6230  ep_best=2.0860 ('KKYWLIRKWIRLWFKL')  global_best=2.0860  ε=0.453
Ep  54/100  reward=+0.0349  ep_best=2.6741 ('KKYWLIRKWIRLWFWL')  global_best=2.0860  ε=0.445
Ep  55/100  reward=+0.6230  ep_best=2.0860 ('KKYWLIRKWIRLWFKL')  global_best=2.0860  ε=0.436
Ep  56/100  reward=+0.6230  ep_best=2.0860 ('KKYWLIRKWIRLWFKL')  global_best=2.0860  ε=0.427
Ep  57/100  reward=+0.6230  ep_best=2.0860 ('KKYWLIRKWIRLWFKL')  global_best=2.0860  ε=0.418
Ep  58/100  reward=+0.1675  ep_best=2.5416 ('KWCWLIRKWKRLKYWL')  global_best=2.0860  ε=0.410
Ep  59/100  reward=+0.0452  ep_best=2.6638 ('KKYWLIRKWIRLWFLL')  global_best=2.0860  ε=0.401
Ep  60/100  reward=+0.6230  ep_best=2.0860 ('KKYWLIRKWIRLWFKL')  global_best=2.0860  ε=0.392
Ep  61/100  reward=+0.6230  ep_best=2.0860 ('KKYWLIRKWIRLWFKL')  global_best=2.0860  ε=0.384
Ep  62/100  reward=+0.6230  ep_best=2.0860 ('KKYWLIRKWIRLWFKL')  global_best=2.0860  ε=0.375
Ep  63/100  reward=+0.6230  ep_best=2.0860 ('KKYWLIRKWIRLWFKL')  global_best=2.0860  ε=0.366
Ep  64/100  reward=+0.6230  ep_best=2.0860 ('KKYWLIRKWIRLWFKL')  global_best=2.0860  ε=0.358
Ep  65/100  reward=+0.6230  ep_best=2.0860 ('KKYWLIRKWIRLWFKL')  global_best=2.0860  ε=0.349
Ep  66/100  reward=+0.6230  ep_best=2.0860 ('KKYWLIRKWIRLWFKL')  global_best=2.0860  ε=0.340
Ep  67/100  reward=+0.6230  ep_best=2.0860 ('KKYWLIRKWIRLWFKL')  global_best=2.0860  ε=0.332
Ep  68/100  reward=+0.6230  ep_best=2.0860 ('KKYWLIRKWIRLWFKL')  global_best=2.0860  ε=0.323
Ep  69/100  reward=+0.6230  ep_best=2.0860 ('KKYWLIRKWIRLWFKL')  global_best=2.0860  ε=0.314
Ep  70/100  reward=+0.6230  ep_best=2.0860 ('KKYWLIRKWIRLWFKL')  global_best=2.0860  ε=0.306
Ep  71/100  reward=+0.6230  ep_best=2.0860 ('KKYWLIRKWIRLWFKL')  global_best=2.0860  ε=0.297
Ep  72/100  reward=+0.6230  ep_best=2.0860 ('KKYWLIRKWIRLWFKL')  global_best=2.0860  ε=0.288
Ep  73/100  reward=+0.6230  ep_best=2.0860 ('KKYWLIRKWIRLWFKL')  global_best=2.0860  ε=0.280
Ep  74/100  reward=+0.6230  ep_best=2.0860 ('KKYWLIRKWIRLWFKL')  global_best=2.0860  ε=0.271
Ep  75/100  reward=+0.6230  ep_best=2.0860 ('KKYWLIRKWIRLWFKL')  global_best=2.0860  ε=0.262
Ep  76/100  reward=+0.4572  ep_best=2.2519 ('KKCWLIRKWIRLWFKL')  global_best=2.0860  ε=0.254
Ep  77/100  reward=+0.6230  ep_best=2.0860 ('KKYWLIRKWIRLWFKL')  global_best=2.0860  ε=0.245
Ep  78/100  reward=+0.6230  ep_best=2.0860 ('KKYWLIRKWIRLWFKL')  global_best=2.0860  ε=0.236
Ep  79/100  reward=+0.6230  ep_best=2.0860 ('KKYWLIRKWIRLWFKL')  global_best=2.0860  ε=0.228
Ep  80/100  reward=+0.6230  ep_best=2.0860 ('KKYWLIRKWIRLWFKL')  global_best=2.0860  ε=0.219
Ep  81/100  reward=+0.6230  ep_best=2.0860 ('KKYWLIRKWIRLWFKL')  global_best=2.0860  ε=0.210
Ep  82/100  reward=+0.6230  ep_best=2.0860 ('KKYWLIRKWIRLWFKL')  global_best=2.0860  ε=0.201
Ep  83/100  reward=+0.6230  ep_best=2.0860 ('KKYWLIRKWIRLWFKL')  global_best=2.0860  ε=0.193
Ep  84/100  reward=+0.6230  ep_best=2.0860 ('KKYWLIRKWIRLWFKL')  global_best=2.0860  ε=0.184
Ep  85/100  reward=+0.6230  ep_best=2.0860 ('KKYWLIRKWIRLWFKL')  global_best=2.0860  ε=0.175
Ep  86/100  reward=+0.6230  ep_best=2.0860 ('KKYWLIRKWIRLWFKL')  global_best=2.0860  ε=0.167
Ep  87/100  reward=+0.6230  ep_best=2.0860 ('KKYWLIRKWIRLWFKL')  global_best=2.0860  ε=0.158
Ep  88/100  reward=+0.6230  ep_best=2.0860 ('KKYWLIRKWIRLWFKL')  global_best=2.0860  ε=0.149
Ep  89/100  reward=+0.0452  ep_best=2.6638 ('KKYWLIRKWIRLWFLL')  global_best=2.0860  ε=0.141
Ep  90/100  reward=+0.6230  ep_best=2.0860 ('KKYWLIRKWIRLWFKL')  global_best=2.0860  ε=0.132
Ep  91/100  reward=+0.6230  ep_best=2.0860 ('KKYWLIRKWIRLWFKL')  global_best=2.0860  ε=0.123
Ep  92/100  reward=+0.6230  ep_best=2.0860 ('KKYWLIRKWIRLWFKL')  global_best=2.0860  ε=0.115
Ep  93/100  reward=+0.6230  ep_best=2.0860 ('KKYWLIRKWIRLWFKL')  global_best=2.0860  ε=0.106
Ep  94/100  reward=+0.6230  ep_best=2.0860 ('KKYWLIRKWIRLWFKL')  global_best=2.0860  ε=0.097
Ep  95/100  reward=+0.6230  ep_best=2.0860 ('KKYWLIRKWIRLWFKL')  global_best=2.0860  ε=0.089
Ep  96/100  reward=+0.6230  ep_best=2.0860 ('KKYWLIRKWIRLWFKL')  global_best=2.0860  ε=0.080
Ep  97/100  reward=+0.6230  ep_best=2.0860 ('KKYWLIRKWIRLWFKL')  global_best=2.0860  ε=0.071
Ep  98/100  reward=+0.6230  ep_best=2.0860 ('KKYWLIRKWIRLWFKL')  global_best=2.0860  ε=0.063
Ep  99/100  reward=+0.6230  ep_best=2.0860 ('KKYWLIRKWIRLWFKL')  global_best=2.0860  ε=0.054
Ep 100/100  reward=+0.6230  ep_best=2.0860 ('KKYWLIRKWIRLWFKL')  global_best=2.0860  ε=0.050

Optimisation complete.
  Start : 'KKYWLIRKWIRLWFLT'  score=2.7091
  Best  : 'KKYWLIRKWIRLWFKL'  score=2.0860
  Improvement: +0.6230 log2-MIC units
  Log saved  : results/jurand-7_rl_1772969390_log.csv
  JSON saved : results/jurand-7_rl_1772969390_results.json
  Done: 'jurand-7'
Done: jurand-7
